<testsuites id="" name="" tests="1" failures="1" skipped="0" errors="0" time="57.67598">
<testsuite name="investigate-poi-navigation.spec.js" timestamp="2025-08-06T03:42:17.689Z" hostname="chromium-desktop" tests="1" failures="1" skipped="0" time="45.876" errors="0">
<testcase name="POI Navigation Visual Investigation" classname="investigate-poi-navigation.spec.js" time="45.876">
<failure message="investigate-poi-navigation.spec.js:3:1 POI Navigation Visual Investigation" type="FAILURE">
<![CDATA[  [chromium-desktop] › investigate-poi-navigation.spec.js:3:1 › POI Navigation Visual Investigation 

    TimeoutError: locator.click: Timeout 15000ms exceeded.
    Call log:
      - waiting for locator('.leaflet-marker-icon').first()
        - locator resolved to <img alt="Marker" tabindex="0" role="button" class="leaflet-marker-icon leaflet-zoom-animated leaflet-interactive leaflet-marker-draggable" src="data:image/svg+xml;charset=utf-8,%0A%20%20%20%20%20%20%20%20%20%20%3Csvg%20width%3D%2240%22%20height%3D%2240%22%20viewBox%3D%220%200%2040%2040%22%20xmlns%3D%22http%3A%2F%2Fwww.w3.org%2F2000%2Fsvg%22%3E%0A%20%20%20%20%20%20%20%20%20%20%20%20%3Ccircle%20cx%3D%2220%22%20cy%3D%2220%22%20r%3D%2215%22%20fill%3D%22white%22%20stroke%3D%22%23ddd%22%20stroke-width%3…/>
      - attempting click action
        2 × waiting for element to be visible, enabled and stable
          - element is visible, enabled and stable
          - scrolling into view if needed
          - done scrolling
          - <h3 class="font-bold text-sm text-black mb-0">Crow Wing State Park</h3> from <div class="leaflet-pane leaflet-popup-pane">…</div> subtree intercepts pointer events
        - retrying click action
        - waiting 20ms
        2 × waiting for element to be visible, enabled and stable
          - element is visible, enabled and stable
          - scrolling into view if needed
          - done scrolling
          - <h3 class="font-bold text-sm text-black mb-0">Crow Wing State Park</h3> from <div class="leaflet-pane leaflet-popup-pane">…</div> subtree intercepts pointer events
        - retrying click action
          - waiting 100ms
        29 × waiting for element to be visible, enabled and stable
           - element is visible, enabled and stable
           - scrolling into view if needed
           - done scrolling
           - <h3 class="font-bold text-sm text-black mb-0">Crow Wing State Park</h3> from <div class="leaflet-pane leaflet-popup-pane">…</div> subtree intercepts pointer events
         - retrying click action
           - waiting 500ms


      29 |       if (!isDraggable) {
      30 |         console.log(`📍 Clicking on marker ${i+1}...`);
    > 31 |         await marker.click();
         |                      ^
      32 |         break;
      33 |       }
      34 |     }
        at /home/robertspeer/Projects/GitRepo/nearest-nice-weather/tests/investigate-poi-navigation.spec.js:31:22

    attachment #1: screenshot (image/png) ──────────────────────────────────────────────────────────
    ../test-results/investigate-poi-navigation-94233-gation-Visual-Investigation-chromium-desktop/test-failed-1.png
    ────────────────────────────────────────────────────────────────────────────────────────────────

    attachment #2: video (video/webm) ──────────────────────────────────────────────────────────────
    ../test-results/investigate-poi-navigation-94233-gation-Visual-Investigation-chromium-desktop/video.webm
    ────────────────────────────────────────────────────────────────────────────────────────────────

    Error Context: ../test-results/investigate-poi-navigation-94233-gation-Visual-Investigation-chromium-desktop/error-context.md

    Retry #1 ───────────────────────────────────────────────────────────────────────────────────────

    TimeoutError: locator.click: Timeout 15000ms exceeded.
    Call log:
      - waiting for locator('.leaflet-marker-icon').first()
        - locator resolved to <img alt="Marker" tabindex="0" role="button" class="leaflet-marker-icon leaflet-zoom-animated leaflet-interactive leaflet-marker-draggable" src="data:image/svg+xml;charset=utf-8,%0A%20%20%20%20%20%20%20%20%20%20%3Csvg%20width%3D%2240%22%20height%3D%2240%22%20viewBox%3D%220%200%2040%2040%22%20xmlns%3D%22http%3A%2F%2Fwww.w3.org%2F2000%2Fsvg%22%3E%0A%20%20%20%20%20%20%20%20%20%20%20%20%3Ccircle%20cx%3D%2220%22%20cy%3D%2220%22%20r%3D%2215%22%20fill%3D%22white%22%20stroke%3D%22%23ddd%22%20stroke-width%3…/>
      - attempting click action
        2 × waiting for element to be visible, enabled and stable
          - element is visible, enabled and stable
          - scrolling into view if needed
          - done scrolling
          - <h3 class="font-bold text-sm text-black mb-0">Crow Wing State Park</h3> from <div class="leaflet-pane leaflet-popup-pane">…</div> subtree intercepts pointer events
        - retrying click action
        - waiting 20ms
        2 × waiting for element to be visible, enabled and stable
          - element is visible, enabled and stable
          - scrolling into view if needed
          - done scrolling
          - <h3 class="font-bold text-sm text-black mb-0">Crow Wing State Park</h3> from <div class="leaflet-pane leaflet-popup-pane">…</div> subtree intercepts pointer events
        - retrying click action
          - waiting 100ms
        29 × waiting for element to be visible, enabled and stable
           - element is visible, enabled and stable
           - scrolling into view if needed
           - done scrolling
           - <h3 class="font-bold text-sm text-black mb-0">Crow Wing State Park</h3> from <div class="leaflet-pane leaflet-popup-pane">…</div> subtree intercepts pointer events
         - retrying click action
           - waiting 500ms


      29 |       if (!isDraggable) {
      30 |         console.log(`📍 Clicking on marker ${i+1}...`);
    > 31 |         await marker.click();
         |                      ^
      32 |         break;
      33 |       }
      34 |     }
        at /home/robertspeer/Projects/GitRepo/nearest-nice-weather/tests/investigate-poi-navigation.spec.js:31:22

    attachment #1: screenshot (image/png) ──────────────────────────────────────────────────────────
    ../test-results/investigate-poi-navigation-94233-gation-Visual-Investigation-chromium-desktop-retry1/test-failed-1.png
    ────────────────────────────────────────────────────────────────────────────────────────────────

    attachment #2: video (video/webm) ──────────────────────────────────────────────────────────────
    ../test-results/investigate-poi-navigation-94233-gation-Visual-Investigation-chromium-desktop-retry1/video.webm
    ────────────────────────────────────────────────────────────────────────────────────────────────

    Error Context: ../test-results/investigate-poi-navigation-94233-gation-Visual-Investigation-chromium-desktop-retry1/error-context.md

    attachment #4: trace (application/zip) ─────────────────────────────────────────────────────────
    ../test-results/investigate-poi-navigation-94233-gation-Visual-Investigation-chromium-desktop-retry1/trace.zip
    Usage:

        npx playwright show-trace ../test-results/investigate-poi-navigation-94233-gation-Visual-Investigation-chromium-desktop-retry1/trace.zip

    ────────────────────────────────────────────────────────────────────────────────────────────────
]]>
</failure>
<system-out>
<![CDATA[🔍 Starting POI Navigation Investigation...
📸 Screenshot saved to /home/robertspeer/Projects/screenshots/poi-navigation-investigation.png
📍 Found 7 markers on the map
📍 Clicking on marker 1...

[[ATTACHMENT|investigate-poi-navigation-94233-gation-Visual-Investigation-chromium-desktop/test-failed-1.png]]

[[ATTACHMENT|investigate-poi-navigation-94233-gation-Visual-Investigation-chromium-desktop/video.webm]]

[[ATTACHMENT|investigate-poi-navigation-94233-gation-Visual-Investigation-chromium-desktop/error-context.md]]
🔍 Starting POI Navigation Investigation...
📸 Screenshot saved to /home/robertspeer/Projects/screenshots/poi-navigation-investigation.png
📍 Found 7 markers on the map
📍 Clicking on marker 1...

[[ATTACHMENT|investigate-poi-navigation-94233-gation-Visual-Investigation-chromium-desktop-retry1/test-failed-1.png]]

[[ATTACHMENT|investigate-poi-navigation-94233-gation-Visual-Investigation-chromium-desktop-retry1/video.webm]]

[[ATTACHMENT|investigate-poi-navigation-94233-gation-Visual-Investigation-chromium-desktop-retry1/error-context.md]]

[[ATTACHMENT|investigate-poi-navigation-94233-gation-Visual-Investigation-chromium-desktop-retry1/trace.zip]]
]]>
</system-out>
</testcase>
</testsuite>
</testsuites>